AAOI 8085
AAPL 1564
ADBE 2052
AFRM 2591
AMD 6621
AMZN 1369
APP 5102
ARM 4770
ASTS 3374
AVGO 2983
BE 6078
CIFR 2720
CRM 1687
CRWD 3462
CRWV 4902
DELL 8017
GOOG 1777
GOOGL 1835
GS 4102
HIMS 2906
HOOD 3919
INTC 3992
IONQ 3754
IREN 4646
JPM 1437
META 5207
MRVL 3772
MSFT 2479
MU 8902
NBIS 5459
NOW 3415
NVDA 1418
OKLO 3776
PLTR 2518
QCOM 2094
QQQ 5145
RGTI 1488
RKLB 3705
SHOP 3433
SMCI 2887
SMH 4073
SNDK 18335
SNOW 3745
SPXW 6652
SPY 2591
TEM 3357
TSM 2920
U 2516
VIX 1596
XOM 971
events 196199
QQQ 6213
SPY 3416
SPXW 6652
events 16281
QQQ 5145
SPY 2591
SPXW 5026
events 12762
QQQ 3764
SPY 1630
SPXW 3230
events 8624
